// Jest Snapshot v1, https://goo.gl/fbAQLP

exports[`Icon component matches snapshot 1`] = `
<DocumentFragment>
  <i
    class="icon-plus"
    data-testid="icon"
  />
</DocumentFragment>
`;
