// Jest Snapshot v1, https://goo.gl/fbAQLP

exports[`component Text matches snapshot 1`] = `
<DocumentFragment>
  <p
    class=""
    data-testid="text"
  >
    Offers
  </p>
</DocumentFragment>
`;
