// Jest Snapshot v1, https://goo.gl/fbAQLP

exports[`LoadingPage component matches snapshot 1`] = `
<DocumentFragment>
  <div
    class="loader"
    data-testid="loading-page"
  />
</DocumentFragment>
`;
