// Jest Snapshot v1, https://goo.gl/fbAQLP

exports[`CardProductList component matches snapshot 1`] = `<DocumentFragment />`;
